{"synthetic": false,
 "schemaVersion": "2025-09-10",
 "outputs":
 {"o": ["6e891b1fe844afaa.olean"],
  "i": "97e594ab8a10fd36.ilean",
  "c": "52723588e67861e8.c"},
 "log":
 [{"message":
   ".> LEAN_PATH=/home/wyatt/dev/src/github.com/WyattAu/ldir/ldir-lean/.lake/packages/Cli/.lake/build/lib/lean:/home/wyatt/dev/src/github.com/WyattAu/ldir/ldir-lean/.lake/packages/batteries/.lake/build/lib/lean:/home/wyatt/dev/src/github.com/WyattAu/ldir/ldir-lean/.lake/packages/Qq/.lake/build/lib/lean:/home/wyatt/dev/src/github.com/WyattAu/ldir/ldir-lean/.lake/packages/aesop/.lake/build/lib/lean:/home/wyatt/dev/src/github.com/WyattAu/ldir/ldir-lean/.lake/packages/proofwidgets/.lake/build/lib/lean:/home/wyatt/dev/src/github.com/WyattAu/ldir/ldir-lean/.lake/packages/importGraph/.lake/build/lib/lean:/home/wyatt/dev/src/github.com/WyattAu/ldir/ldir-lean/.lake/packages/LeanSearchClient/.lake/build/lib/lean:/home/wyatt/dev/src/github.com/WyattAu/ldir/ldir-lean/.lake/packages/plausible/.lake/build/lib/lean:/home/wyatt/dev/src/github.com/WyattAu/ldir/ldir-lean/.lake/packages/mathlib/.lake/build/lib/lean:/home/wyatt/dev/src/github.com/WyattAu/ldir/ldir-lean/.lake/build/lib/lean /home/wyatt/.elan/toolchains/leanprover--lean4---v4.29.0/bin/lean /home/wyatt/dev/src/github.com/WyattAu/ldir/ldir-lean/LDIRProofs.lean -o /home/wyatt/dev/src/github.com/WyattAu/ldir/ldir-lean/.lake/build/lib/lean/LDIRProofs.olean -i /home/wyatt/dev/src/github.com/WyattAu/ldir/ldir-lean/.lake/build/lib/lean/LDIRProofs.ilean -c /home/wyatt/dev/src/github.com/WyattAu/ldir/ldir-lean/.lake/build/ir/LDIRProofs.c --setup /home/wyatt/dev/src/github.com/WyattAu/ldir/ldir-lean/.lake/build/ir/LDIRProofs.setup.json --json",
   "level": "trace"}],
 "inputs":
 [["LDIRProofs:deps",
   [["deps",
     [["LDIRProofs/LDIRProofs:extraDep",
       [["@LDIRProofs:extraDep", "00000000000006bb"]]],
      ["imports",
       [["LDIRProofs.proof_ir_wellformedness transitive imports (legacy)",
         "00000000000006bb"],
        ["LDIRProofs.proof_ir_wellformedness:importAllArts",
         "bf4a8bb7c694769d"]]]]],
    ["libs",
     [["import dynlibs", "00000000000006bb"],
      ["package external libraries", "00000000000006bb"],
      ["module dynlibs", "00000000000006bb"],
      ["module plugins", "00000000000006bb"]]]]],
  ["Lean 4.29.0, commit 98dc76e3c0a9b856c9b98726b713fb04fab16740",
   "60bb08ef22408c8a"],
  ["/home/wyatt/dev/src/github.com/WyattAu/ldir/ldir-lean/LDIRProofs.lean",
   "844fdad8a1ab20d2"],
  ["options", [["-DautoImplicit=false", "4a85acb881fd49d0"]]],
  ["isModule: false", "feefd2a0d3a1847e"],
  ["Module.name: LDIRProofs", "35a7ae28e6c5c80b"],
  ["Package.id?: (some LDIRProofs)", "28e6e8b171463516"],
  ["Module.leanArgs: #[]", "00000000000006bb"]],
 "depHash": "559a475d32615f98"}