{"synthetic": false,
 "schemaVersion": "2025-09-10",
 "outputs":
 {"o": ["d75d6e237b91c301.olean"],
  "i": "63abc34d22f4cbce.ilean",
  "c": "6686a4f1051ed48b.c"},
 "log":
 [{"message":
   ".> LEAN_PATH=/home/wyatt/dev/src/github.com/WyattAu/ldir/ldir-lean/.lake/packages/Cli/.lake/build/lib/lean:/home/wyatt/dev/src/github.com/WyattAu/ldir/ldir-lean/.lake/packages/batteries/.lake/build/lib/lean:/home/wyatt/dev/src/github.com/WyattAu/ldir/ldir-lean/.lake/packages/Qq/.lake/build/lib/lean:/home/wyatt/dev/src/github.com/WyattAu/ldir/ldir-lean/.lake/packages/aesop/.lake/build/lib/lean:/home/wyatt/dev/src/github.com/WyattAu/ldir/ldir-lean/.lake/packages/proofwidgets/.lake/build/lib/lean:/home/wyatt/dev/src/github.com/WyattAu/ldir/ldir-lean/.lake/packages/importGraph/.lake/build/lib/lean:/home/wyatt/dev/src/github.com/WyattAu/ldir/ldir-lean/.lake/packages/LeanSearchClient/.lake/build/lib/lean:/home/wyatt/dev/src/github.com/WyattAu/ldir/ldir-lean/.lake/packages/plausible/.lake/build/lib/lean:/home/wyatt/dev/src/github.com/WyattAu/ldir/ldir-lean/.lake/packages/mathlib/.lake/build/lib/lean:/home/wyatt/dev/src/github.com/WyattAu/ldir/ldir-lean/.lake/build/lib/lean /home/wyatt/.elan/toolchains/leanprover--lean4---v4.29.0/bin/lean /home/wyatt/dev/src/github.com/WyattAu/ldir/ldir-lean/LDIRProofs/proof_ir_wellformedness.lean -o /home/wyatt/dev/src/github.com/WyattAu/ldir/ldir-lean/.lake/build/lib/lean/LDIRProofs/proof_ir_wellformedness.olean -i /home/wyatt/dev/src/github.com/WyattAu/ldir/ldir-lean/.lake/build/lib/lean/LDIRProofs/proof_ir_wellformedness.ilean -c /home/wyatt/dev/src/github.com/WyattAu/ldir/ldir-lean/.lake/build/ir/LDIRProofs/proof_ir_wellformedness.c --setup /home/wyatt/dev/src/github.com/WyattAu/ldir/ldir-lean/.lake/build/ir/LDIRProofs/proof_ir_wellformedness.setup.json --json",
   "level": "trace"},
  {"message":
   "LDIRProofs/proof_ir_wellformedness.lean:330:8: declaration uses `sorry`",
   "level": "warning"},
  {"message":
   "LDIRProofs/proof_ir_wellformedness.lean:412:8: declaration uses `sorry`",
   "level": "warning"},
  {"message":
   "LDIRProofs/proof_ir_wellformedness.lean:451:8: declaration uses `sorry`",
   "level": "warning"},
  {"message":
   "LDIRProofs/proof_ir_wellformedness.lean:587:8: declaration uses `sorry`",
   "level": "warning"}],
 "inputs":
 [["LDIRProofs.proof_ir_wellformedness:deps",
   [["deps",
     [["LDIRProofs/LDIRProofs:extraDep",
       [["@LDIRProofs:extraDep", "00000000000006bb"]]],
      ["imports", "00000000000006bb"]]],
    ["libs",
     [["import dynlibs", "00000000000006bb"],
      ["package external libraries", "00000000000006bb"],
      ["module dynlibs", "00000000000006bb"],
      ["module plugins", "00000000000006bb"]]]]],
  ["Lean 4.29.0, commit 98dc76e3c0a9b856c9b98726b713fb04fab16740",
   "60bb08ef22408c8a"],
  ["/home/wyatt/dev/src/github.com/WyattAu/ldir/ldir-lean/LDIRProofs/proof_ir_wellformedness.lean",
   "b8b3b6e1b37765be"],
  ["options", [["-DautoImplicit=false", "4a85acb881fd49d0"]]],
  ["isModule: false", "feefd2a0d3a1847e"],
  ["Module.name: LDIRProofs.proof_ir_wellformedness", "971b857142c1a876"],
  ["Package.id?: (some LDIRProofs)", "28e6e8b171463516"],
  ["Module.leanArgs: #[]", "00000000000006bb"]],
 "depHash": "13e1d6c71ae930d9"}