{"synthetic": false,
 "schemaVersion": "2025-09-10",
 "outputs":
 {"o": ["222eb8f6fbfd27ce.olean"],
  "i": "bf9696d4a83f8e5a.ilean",
  "c": "bc3ab9768f7e50be.c"},
 "log":
 [{"message":
   ".> LEAN_PATH=/home/wyatt/dev/src/github.com/WyattAu/ldir/ldir-lean/.lake/packages/Cli/.lake/build/lib/lean:/home/wyatt/dev/src/github.com/WyattAu/ldir/ldir-lean/.lake/packages/batteries/.lake/build/lib/lean:/home/wyatt/dev/src/github.com/WyattAu/ldir/ldir-lean/.lake/packages/Qq/.lake/build/lib/lean:/home/wyatt/dev/src/github.com/WyattAu/ldir/ldir-lean/.lake/packages/aesop/.lake/build/lib/lean:/home/wyatt/dev/src/github.com/WyattAu/ldir/ldir-lean/.lake/packages/proofwidgets/.lake/build/lib/lean:/home/wyatt/dev/src/github.com/WyattAu/ldir/ldir-lean/.lake/packages/importGraph/.lake/build/lib/lean:/home/wyatt/dev/src/github.com/WyattAu/ldir/ldir-lean/.lake/packages/LeanSearchClient/.lake/build/lib/lean:/home/wyatt/dev/src/github.com/WyattAu/ldir/ldir-lean/.lake/packages/plausible/.lake/build/lib/lean:/home/wyatt/dev/src/github.com/WyattAu/ldir/ldir-lean/.lake/packages/mathlib/.lake/build/lib/lean:/home/wyatt/dev/src/github.com/WyattAu/ldir/ldir-lean/.lake/build/lib/lean /home/wyatt/.elan/toolchains/leanprover--lean4---v4.29.0/bin/lean /home/wyatt/dev/src/github.com/WyattAu/ldir/ldir-lean/LDIRProofs/ProofLayoutProperties.lean -o /home/wyatt/dev/src/github.com/WyattAu/ldir/ldir-lean/.lake/build/lib/lean/LDIRProofs/ProofLayoutProperties.olean -i /home/wyatt/dev/src/github.com/WyattAu/ldir/ldir-lean/.lake/build/lib/lean/LDIRProofs/ProofLayoutProperties.ilean -c /home/wyatt/dev/src/github.com/WyattAu/ldir/ldir-lean/.lake/build/ir/LDIRProofs/ProofLayoutProperties.c --setup /home/wyatt/dev/src/github.com/WyattAu/ldir/ldir-lean/.lake/build/ir/LDIRProofs/ProofLayoutProperties.setup.json --json",
   "level": "trace"},
  {"message":
   "LDIRProofs/ProofLayoutProperties.lean:241:8: declaration uses `sorry`",
   "level": "warning"}],
 "inputs":
 [["LDIRProofs.ProofLayoutProperties:deps",
   [["deps",
     [["LDIRProofs/LDIRProofs:extraDep",
       [["@LDIRProofs:extraDep", "00000000000006bb"]]],
      ["imports",
       [["Mathlib.Data.List.Basic transitive imports (legacy)",
         "22bdd537cd1edda1"],
        ["Mathlib.Data.List.Basic:importAllArts", "1edcadc15f2c80b9"],
        ["Mathlib.Data.List.Lemmas transitive imports (legacy)",
         "e18ed4a7175bcf36"],
        ["Mathlib.Data.List.Lemmas:importAllArts", "1819084b78089825"],
        ["Mathlib.Tactic transitive imports (legacy)", "b5b072ecba93f971"],
        ["Mathlib.Tactic:importAllArts", "bd07ca1f4a0d10fc"],
        ["LDIRProofs.proof_ir_wellformedness transitive imports (legacy)",
         "00000000000006bb"],
        ["LDIRProofs.proof_ir_wellformedness:importAllArts",
         "703b65d6946a489e"]]]]],
    ["libs",
     [["import dynlibs", "00000000000006bb"],
      ["package external libraries", "00000000000006bb"],
      ["module dynlibs", "00000000000006bb"],
      ["module plugins", "00000000000006bb"]]]]],
  ["Lean 4.29.0, commit 98dc76e3c0a9b856c9b98726b713fb04fab16740",
   "60bb08ef22408c8a"],
  ["/home/wyatt/dev/src/github.com/WyattAu/ldir/ldir-lean/LDIRProofs/ProofLayoutProperties.lean",
   "0ed114b9791a5d7d"],
  ["options", [["-DautoImplicit=false", "4a85acb881fd49d0"]]],
  ["isModule: false", "feefd2a0d3a1847e"],
  ["Module.name: LDIRProofs.ProofLayoutProperties", "7b912ebf1c27f787"],
  ["Package.id?: (some LDIRProofs)", "28e6e8b171463516"],
  ["Module.leanArgs: #[]", "00000000000006bb"]],
 "depHash": "9c7f192617bc2010"}